[{"id": "1", "title": "Crystal Waters - Gypsy Woman (She's Homeless) (Official Music Video)", "duration": "3:45", "url": "https://www.youtube.com/watch?v=_KztNIg4cvE", "thumbnail": "./Panel kana\u0142u - YouTube Studio_files/mqdefault.webp"}, {"id": "2", "title": "Daft Punk - End Of Line (TikTok Slowed Version)", "duration": "3:23", "url": "https://www.youtube.com/watch?v=cyISMfEJYEQ", "thumbnail": "./Panel kana\u0142u - YouTube Studio_files/mqdefault(1).webp"}, {"id": "3", "title": "End Of Line But Better - Slowed and Reverbed - King Dingus", "duration": "3:25", "url": "https://www.youtube.com/watch?v=eoPzA2UPvwA", "thumbnail": "./Panel kana\u0142u - YouTube Studio_files/mqdefault.jpg"}, {"id": "4", "title": "Kyle Gordon - Planet of the Bass (feat. DJ Crazy Times & Ms. Biljana Electronica) [Official Video]", "duration": "3:29", "url": "https://www.youtube.com/watch?v=S-OgkNgxm3k", "thumbnail": "./Panel kana\u0142u - YouTube Studio_files/mqdefault(2).jpg"}, {"id": "5", "title": "Alec Benjamin - Let Me Down Slowly Tevvez Remix Parallel Universe", "duration": "3:21", "url": "https://www.youtube.com/watch?v=8Gs6pFM-B5I", "thumbnail": "./Panel kana\u0142u - YouTube Studio_files/mqdefault(3).webp"}, {"id": "6", "title": "Matthew Wilder - Break My Stride (Audio)", "duration": "3:07", "url": "https://www.youtube.com/watch?v=B4c_SkROzzo", "thumbnail": "./Panel kana\u0142u - YouTube Studio_files/mqdefault(4).jpg"}, {"id": "7", "title": "Phoebe Bridgers - Scott Street (Official Video)", "duration": "5:07", "url": "https://www.youtube.com/watch?v=W-Khe7DInxo", "thumbnail": "./Panel kana\u0142u - YouTube Studio_files/mqdefault(5).webp"}, {"id": "8", "title": "Florence + The Machine - You've Got the Love", "duration": "2:43", "url": "https://www.youtube.com/watch?v=PQZhN65vq9E", "thumbnail": "./Panel kana\u0142u - YouTube Studio_files/mqdefault(6).webp"}]