id,title,duration,url,thumbnail
1,Crystal Waters - Gypsy Woman (She's Homeless) (Official Music Video),3:45,https://www.youtube.com/watch?v=_KztNIg4cvE,./Panel kanału - YouTube Studio_files/mqdefault.webp
2,Daft Punk - End Of Line (TikTok Slowed Version),3:23,https://www.youtube.com/watch?v=cyISMfEJYEQ,./Panel kanału - YouTube Studio_files/mqdefault(1).webp
3,End Of Line But Better - Slowed and Reverbed - King Dingus,3:25,https://www.youtube.com/watch?v=eoPzA2UPvwA,./Panel kanału - YouTube Studio_files/mqdefault.jpg
4,Kyle Gordon - Planet of the Bass (feat. DJ Crazy Times & Ms. Biljana Electronica) [Official Video],3:29,https://www.youtube.com/watch?v=S-OgkNgxm3k,./Panel kanału - YouTube Studio_files/mqdefault(2).jpg
5,Alec Benjamin - Let Me Down Slowly Tevvez Remix Parallel Universe,3:21,https://www.youtube.com/watch?v=8Gs6pFM-B5I,./Panel kanału - YouTube Studio_files/mqdefault(3).webp
6,Matthew Wilder - Break My Stride (Audio),3:07,https://www.youtube.com/watch?v=B4c_SkROzzo,./Panel kanału - YouTube Studio_files/mqdefault(4).jpg
7,Phoebe Bridgers - Scott Street (Official Video),5:07,https://www.youtube.com/watch?v=W-Khe7DInxo,./Panel kanału - YouTube Studio_files/mqdefault(5).webp
8,Florence + The Machine - You've Got the Love,2:43,https://www.youtube.com/watch?v=PQZhN65vq9E,./Panel kanału - YouTube Studio_files/mqdefault(6).webp
