{"playlist_title": "Muzyka", "playlist_description": "MUZAAAAAAAA!!!!!!!!!!!!!!!!!!!!!!!!!!!!!!!!!!!!!!!!!!!!!!!!!!", "reported_length": "4919"}